// Jest Snapshot v1, https://goo.gl/fbAQLP

exports[`Checkbox.vue Comprueba que emite evento "click" al ser pulsado 1`] = `
<div class="az-checkbox">
  <div class="az-checkbox__cell"><svg viewBox="0 0 44 44">
      <path d="M14,24 L21,31 L39.7428882,11.5937758 C35.2809627,6.53125861 30.0333333,4 24,4 C12.95,4 4,12.95 4,24 C4,35.05 12.95,44 24,44 C35.05,44 44,35.05 44,24 C44,19.3 42.5809627,15.1645919 39.7428882,11.5937758" transform="translate(-2.000000, -2.000000)"></path>
    </svg></div>
  <div class="az-checkbox__input">
    <div class="az-checkbox__base"></div>
    <div class="az-checkbox__mark"></div>
  </div>
  <div class="az-checkbox__label"></div>
</div>
`;

exports[`Checkbox.vue Comprueba que no emite evento "click" al ser pulsado, cuando est√° deshabilitado 1`] = `
<div class="az-checkbox az-checkbox--disabled">
  <div class="az-checkbox__cell"><svg viewBox="0 0 44 44">
      <path d="M14,24 L21,31 L39.7428882,11.5937758 C35.2809627,6.53125861 30.0333333,4 24,4 C12.95,4 4,12.95 4,24 C4,35.05 12.95,44 24,44 C35.05,44 44,35.05 44,24 C44,19.3 42.5809627,15.1645919 39.7428882,11.5937758" transform="translate(-2.000000, -2.000000)"></path>
    </svg></div>
  <div class="az-checkbox__input">
    <div class="az-checkbox__base"></div>
    <div class="az-checkbox__mark"></div>
  </div>
  <div class="az-checkbox__label"></div>
</div>
`;

exports[`Checkbox.vue Comprueba renderizado del componente Checkbox con snapshot 1`] = `
<div class="az-checkbox">
  <div class="az-checkbox__cell"><svg viewBox="0 0 44 44">
      <path d="M14,24 L21,31 L39.7428882,11.5937758 C35.2809627,6.53125861 30.0333333,4 24,4 C12.95,4 4,12.95 4,24 C4,35.05 12.95,44 24,44 C35.05,44 44,35.05 44,24 C44,19.3 42.5809627,15.1645919 39.7428882,11.5937758" transform="translate(-2.000000, -2.000000)"></path>
    </svg></div>
  <div class="az-checkbox__input">
    <div class="az-checkbox__base"></div>
    <div class="az-checkbox__mark"></div>
  </div>
  <div class="az-checkbox__label"></div>
</div>
`;
