// Jest Snapshot v1, https://goo.gl/fbAQLP

exports[`Container.vue Comprueba renderizado del componente Container con snapshot 1`] = `<div class="container"></div>`;
