// Jest Snapshot v1, https://goo.gl/fbAQLP

exports[`WeatherIcon.vue Comprueba renderizado del componente WeatherIcon con snapshot 1`] = `<div class="weatherIcon"><img width="25px" src=""></div>`;
