// Jest Snapshot v1, https://goo.gl/fbAQLP

exports[`Tabs.vue Comprueba renderizado del componente Tabs con snapshot 1`] = `<div class="az-tabs"></div>`;
